
Testing Health (http://localhost:8000/health)...
Exception: HTTPConnectionPool(host='localhost', port=8000): Max retries exceeded with url: /health (Caused by NewConnectionError('<urllib3.connection.HTTPConnection object at 0x7f0e129cd650>: Failed to establish a new connection: [Errno 111] Connection refused'))

Testing Global Recommendations (http://localhost:8000/recommend/global?limit=5)...
Exception: HTTPConnectionPool(host='localhost', port=8000): Max retries exceeded with url: /recommend/global?limit=5 (Caused by NewConnectionError('<urllib3.connection.HTTPConnection object at 0x7f0e117ab850>: Failed to establish a new connection: [Errno 111] Connection refused'))

Testing By Items (Harry Potter) (http://localhost:8000/recommend/by-items)...
Exception: HTTPConnectionPool(host='localhost', port=8000): Max retries exceeded with url: /recommend/by-items (Caused by NewConnectionError('<urllib3.connection.HTTPConnection object at 0x7f0e117be0d0>: Failed to establish a new connection: [Errno 111] Connection refused'))
